// Jest Snapshot v1, https://goo.gl/fbAQLP

exports[`StatBox renders relevance as expected 1`] = `
<DocumentFragment>
  <div
    class="stat-box css-458u9z-wrapper-tallBox-narrowBox-HighlightBox"
  >
    <h3>
      <span
        class="css-6q6okq-statTitle"
      >
        Top repositories by 
        <strong>
          <span>
            relevance to artificial intelligence research 
            <span
              class="helptooltip css-hr1mel-wrapper"
            >
              <svg
                alt="Documentation"
                aria-hidden="true"
                class="MuiSvgIcon-root MuiSvgIcon-fontSizeMedium css-dl97ro-MuiSvgIcon-root-iconDefaults-HelpTooltip-muiTooltip-HelpTooltip"
                data-mui-internal-clone-element="true"
                data-testid="HelpIcon"
                focusable="false"
                viewBox="0 0 24 24"
              >
                <path
                  d="M12 2C6.48 2 2 6.48 2 12s4.48 10 10 10 10-4.48 10-10S17.52 2 12 2m1 17h-2v-2h2zm2.07-7.75-.9.92C13.45 12.9 13 13.5 13 15h-2v-.5c0-1.1.45-2.1 1.17-2.83l1.24-1.26c.37-.36.59-.86.59-1.41 0-1.1-.9-2-2-2s-2 .9-2 2H8c0-2.21 1.79-4 4-4s4 1.79 4 4c0 .88-.36 1.68-.93 2.25"
                />
              </svg>
            </span>
          </span>
        </strong>
      </span>
    </h3>
    <ul
      class="css-1e4pw1g-statList"
    >
      <li
        class="css-3u698m-statListElt"
      >
        <a
          href="/project?name=facebookresearch/fairseq"
        >
          facebookresearch/fairseq
        </a>
        <br />
        <span
          class="css-ebdczx-statDetail"
        >
          <span>
            <strong>
              726.32
            </strong>
             relevance (
            <strong>
              779
            </strong>
             references)
          </span>
        </span>
      </li>
      <li
        class="css-3u698m-statListElt"
      >
        <a
          href="/project?name=huggingface/transformers"
        >
          huggingface/transformers
        </a>
        <br />
        <span
          class="css-ebdczx-statDetail"
        >
          <span>
            <strong>
              656.34
            </strong>
             relevance (
            <strong>
              891
            </strong>
             references)
          </span>
        </span>
      </li>
      <li
        class="css-3u698m-statListElt"
      >
        <a
          href="/project?name=tatsu-lab/stanford_alpaca"
        >
          tatsu-lab/stanford_alpaca
        </a>
        <br />
        <span
          class="css-ebdczx-statDetail"
        >
          <span>
            <strong>
              579.70
            </strong>
             relevance (
            <strong>
              604
            </strong>
             references)
          </span>
        </span>
      </li>
      <li
        class="css-3u698m-statListElt"
      >
        <a
          href="/project?name=google-research/bert"
        >
          google-research/bert
        </a>
        <br />
        <span
          class="css-ebdczx-statDetail"
        >
          <span>
            <strong>
              384.99
            </strong>
             relevance (
            <strong>
              464
            </strong>
             references)
          </span>
        </span>
      </li>
      <li
        class="css-3u698m-statListElt"
      >
        <a
          href="/project?name=mjpost/sacrebleu"
        >
          mjpost/sacrebleu
        </a>
        <br />
        <span
          class="css-ebdczx-statDetail"
        >
          <span>
            <strong>
              340.46
            </strong>
             relevance (
            <strong>
              220
            </strong>
             references)
          </span>
        </span>
      </li>
    </ul>
  </div>
</DocumentFragment>
`;
